fc := mpif90
fflags := -DMPI -Difort_read_bug -O0 -g -pipe -fbacktrace -finit-integer=2147483648 -finit-real=nan -finit-character=35 -fmax-stack-var-size=512 -fstack-protector-all -fcheck='bounds'

ldflags :=  -lsymspg -L${MKLROOT}/lib/intel64 -lmkl_gf_lp64 -lmkl_gnu_thread -lmkl_core ${MKLROOT}/../compiler/lib/intel64/libiomp5.a -lpthread

# How to set destination for the .mod files
modflag := -J

# 'Out of tree' build path
bldpath := bld/mi/d
